Script started on Thu 15 Feb 2018 11:24:47 PM EST
[?1034hbash-4.1$ uname -a
Linux Zeus-1 2.6.32-696.18.7.el6.centos.plus.x86_64 #1 SMP Tue Jan 9 14:11:50 UTC 2018 x86_64 x86_64 x86_64 GNU/Linux
bash-4.1$ ls
lab2		  lab3_dalemu2_207.c	       Makefile		 test_run.out
lab3_dalemu2_207  lab3_typescript_dalemu2_207  sample_input.txt
bash-4.1$ cat lab3_dalemu2_207.c
/* Daniel Alemu  G00884974
 CS 262, Lab Section 207
Lab 3*/

#include <stdio.h>
#include <stdlib.h>

void printFigurePlus(int,char);
void printFigureX(int,char);

// menu function (display Menu )
void menu()
{
	printf("To Enter/Change a Character Press Either 'C' or 'c'\n");
	printf("To Enter/Change a Number Press Either 'N' or 'N' \n");
	printf("To Print Plus (+) Figure press '1' \n");
	printf("To Print X Figure Press '2' \n");
	printf("To Quite From the Program Press Either 'q' or 'Q'\n");
}
// function allaw the user to enter char value(called by main()  and charInput() functions
char userInput()
{	
	char input;
	char buffer[50];
	fgets(buffer,50,stdin);
	sscanf(buffer,"%c",&input);
	return input;
}

// function for char(C)  input
char charInput()
{
	char charIn;
	printf("Enter A Character = ");
	charIn = userInput();
	return charIn;
}

// function allaw the user to enter an integer value(called by numInput() function
int userNInput()
{
	int intInput;
	char buffer[50];
	fgets(buffer,50,stdin);
	sscanf(buffer,"%d",&intInput);
	return intInput;
}

//function for odd Number input (N)

int numInput()
{
	int  oddNum,y=1;
	printf("Enter odd Number Between 3 and 15  =");
	oddNum=userNInput();
	if((oddNum<3)||(oddNum>15)||(oddNum%2==0))
	{
	    while(y>0)

	     {
		printf("Try Again, Enter Odd Number Between 3 and 15  =");
		oddNum=userNInput();
		if((oddNum>=3)&&(oddNum<=15)&&(oddNum%2==1))
		{
		y=0;
		}
	     }
	}	
	return oddNum;
}
// main function 
//
int main()
{
	char C=' ';
	int N=0;
	char option;

   do{

	menu();
	option=userInput();

	switch(option)
	{		
		case 'c':
		case 'C':
		C=charInput();
		break;

		case 'N':
		case 'n':
		N=numInput();
		break;

		case '1':
		printFigurePlus(N,C);
		break;

		case '2':
		printFigureX(N,C);
		break;
	
		case 'q':
		case 'Q':
		printf("Program Exit\n");
		exit(0);
		break;

		default: 
		printf("Invalid Input Enter your Choice again \n");
	}
    }while(1);	
return 0;
}
	
//print Plus(+) Figure function 
void printFigurePlus(int N,char C)
{
       int x= (N/2) + 1;
	for(int i=1; i <= N ; i++)
	{
	    for(int j=1; j<= N; j++)
		{
		   if(i == x || j == x)
		      {
			printf("%c",C);
		      }
		    else
			{
			 printf(" ");
			}
		 }
	     printf("\n");
	}
}
//print X figure function
void printFigureX(int N, char C)
{

	for(int i=1; i<= N; i++)
	{
	   for(int j=N;j>=1;j--)
	   {
		if(i==j||j== N - i+1)
		{
		   printf("%c",C);
		}
		else
		{
		  printf(" ");
	        }
	   
	  }
	
	  printf("\n");
        }

} 
	 

bash-4.1$ rm lab3 lab1[K3_dalemu_207
rm: cannot remove `lab3': No such file or directory
rm: cannot remove `lab3_dalemu_207': No such file or directory
bash-4.1$ ls
lab2		  lab3_dalemu2_207.c	       Makefile		 test_run.out
lab3_dalemu2_207  lab3_typescript_dalemu2_207  sample_input.txt
bash-4.1$ rm ra[K[Klab2
bash-4.1$ rm lab3_dalemu2_207
bash-4.1$ make
gcc -g -Wall -o lab3_dalemu2_207 lab3_dalemu2_207.c
bash-4.1$ ls
lab3_dalemu2_207    lab3_typescript_dalemu2_207  sample_input.txt
lab3_dalemu2_207.c  Makefile			 test_run.out
bash-4.1$ lab3_dalemu_207 >[K< sample_input.txt
bash: lab3_dalemu_207: command not found
bash-4.1$ lab3_dalemu2_207 < sample_input.txt
To Enter/Change a Character Press Either 'C' or 'c'
To Enter/Change a Number Press Either 'N' or 'N' 
To Print Plus (+) Figure press '1' 
To Print X Figure Press '2' 
To Quite From the Program Press Either 'q' or 'Q'
Invalid Input Enter your Choice again 
To Enter/Change a Character Press Either 'C' or 'c'
To Enter/Change a Number Press Either 'N' or 'N' 
To Print Plus (+) Figure press '1' 
To Print X Figure Press '2' 
To Quite From the Program Press Either 'q' or 'Q'
Invalid Input Enter your Choice again 
To Enter/Change a Character Press Either 'C' or 'c'
To Enter/Change a Number Press Either 'N' or 'N' 
To Print Plus (+) Figure press '1' 
To Print X Figure Press '2' 
To Quite From the Program Press Either 'q' or 'Q'
To Enter/Change a Character Press Either 'C' or 'c'
To Enter/Change a Number Press Either 'N' or 'N' 
To Print Plus (+) Figure press '1' 
To Print X Figure Press '2' 
To Quite From the Program Press Either 'q' or 'Q'
To Enter/Change a Character Press Either 'C' or 'c'
To Enter/Change a Number Press Either 'N' or 'N' 
To Print Plus (+) Figure press '1' 
To Print X Figure Press '2' 
To Quite From the Program Press Either 'q' or 'Q'
Enter odd Number Between 3 and 15  =Try Again, Enter Odd Number Between 3 and 15  =Try Again, Enter Odd Number Between 3 and 15  =To Enter/Change a Character Press Either 'C' or 'c'
To Enter/Change a Number Press Either 'N' or 'N' 
To Print Plus (+) Figure press '1' 
To Print X Figure Press '2' 
To Quite From the Program Press Either 'q' or 'Q'
         
         
         
         
         
         
         
         
         
To Enter/Change a Character Press Either 'C' or 'c'
To Enter/Change a Number Press Either 'N' or 'N' 
To Print Plus (+) Figure press '1' 
To Print X Figure Press '2' 
To Quite From the Program Press Either 'q' or 'Q'
         
         
         
         
         
         
         
         
         
To Enter/Change a Character Press Either 'C' or 'c'
To Enter/Change a Number Press Either 'N' or 'N' 
To Print Plus (+) Figure press '1' 
To Print X Figure Press '2' 
To Quite From the Program Press Either 'q' or 'Q'
Enter A Character = To Enter/Change a Character Press Either 'C' or 'c'
To Enter/Change a Number Press Either 'N' or 'N' 
To Print Plus (+) Figure press '1' 
To Print X Figure Press '2' 
To Quite From the Program Press Either 'q' or 'Q'
    +    
    +    
    +    
    +    
+++++++++
    +    
    +    
    +    
    +    
To Enter/Change a Character Press Either 'C' or 'c'
To Enter/Change a Number Press Either 'N' or 'N' 
To Print Plus (+) Figure press '1' 
To Print X Figure Press '2' 
To Quite From the Program Press Either 'q' or 'Q'
+       +
 +     + 
  +   +  
   + +   
    +    
   + +   
  +   +  
 +     + 
+       +
To Enter/Change a Character Press Either 'C' or 'c'
To Enter/Change a Number Press Either 'N' or 'N' 
To Print Plus (+) Figure press '1' 
To Print X Figure Press '2' 
To Quite From the Program Press Either 'q' or 'Q'
Enter odd Number Between 3 and 15  =To Enter/Change a Character Press Either 'C' or 'c'
To Enter/Change a Number Press Either 'N' or 'N' 
To Print Plus (+) Figure press '1' 
To Print X Figure Press '2' 
To Quite From the Program Press Either 'q' or 'Q'
+             +
 +           + 
  +         +  
   +       +   
    +     +    
     +   +     
      + +      
       +       
      + +      
     +   +     
    +     +    
   +       +   
  +         +  
 +           + 
+             +
To Enter/Change a Character Press Either 'C' or 'c'
To Enter/Change a Number Press Either 'N' or 'N' 
To Print Plus (+) Figure press '1' 
To Print X Figure Press '2' 
To Quite From the Program Press Either 'q' or 'Q'
       +       
       +       
       +       
       +       
       +       
       +       
       +       
+++++++++++++++
       +       
       +       
       +       
       +       
       +       
       +       
       +       
To Enter/Change a Character Press Either 'C' or 'c'
To Enter/Change a Number Press Either 'N' or 'N' 
To Print Plus (+) Figure press '1' 
To Print X Figure Press '2' 
To Quite From the Program Press Either 'q' or 'Q'
Invalid Input Enter your Choice again 
To Enter/Change a Character Press Either 'C' or 'c'
To Enter/Change a Number Press Either 'N' or 'N' 
To Print Plus (+) Figure press '1' 
To Print X Figure Press '2' 
To Quite From the Program Press Either 'q' or 'Q'
Program Exit
bash-4.1$ make clean
rm lab3_dalemu2_207
bash-4.1$ exit

Script done on Thu 15 Feb 2018 11:30:47 PM EST
